
> uzi-agency@0.1.0 test
> jest

  console.log
    Mensaje de contacto procesado: {
      id: 'msg_1760505203491_x6e9rhxci',
      name: 'John Doe',
      email: 'john@example.com',
      message: 'This is a test message with sufficient length',
      timestamp: '2025-10-15T05:13:23.491Z'
    }

      at processContactForm (src/lib/server/contact.ts:61:17)

  console.log
    Mensaje de contacto procesado: {
      id: 'msg_1760505204508_vhtulmto0',
      name: 'John Doe',
      email: 'john@example.com',
      message: 'This is a test message with sufficient length',
      timestamp: '2025-10-15T05:13:24.508Z'
    }

      at processContactForm (src/lib/server/contact.ts:61:17)

  console.log
    Mensaje de contacto procesado: {
      id: 'msg_1760505205527_ny6llnmox',
      name: 'John <script>alert("xss")</script> Doe',
      email: 'john@example.com',
      message: 'Test message with <b>HTML</b> tags and sufficient length',
      timestamp: '2025-10-15T05:13:25.527Z'
    }

      at processContactForm (src/lib/server/contact.ts:61:17)

  console.log
    Mensaje de contacto procesado: {
      id: 'msg_1760505206539_k7i80fah1',
      name: 'John Doe',
      email: 'test@example.com',
      message: 'This is a test message with sufficient length',
      timestamp: '2025-10-15T05:13:26.539Z'
    }

      at processContactForm (src/lib/server/contact.ts:61:17)

  console.log
    Mensaje de contacto procesado: {
      id: 'msg_1760505207549_aocpazwdx',
      name: 'John Doe',
      email: 'test.name@example.co.uk',
      message: 'This is a test message with sufficient length',
      timestamp: '2025-10-15T05:13:27.549Z'
    }

      at processContactForm (src/lib/server/contact.ts:61:17)

  console.log
    Mensaje de contacto procesado: {
      id: 'msg_1760505208553_hq8kh5523',
      name: 'John Doe',
      email: 'test+tag@example.com',
      message: 'This is a test message with sufficient length',
      timestamp: '2025-10-15T05:13:28.553Z'
    }

      at processContactForm (src/lib/server/contact.ts:61:17)

node.exe : PASS src/lib/server/__tests__/contact.test.ts (6.327 s)
En C:\Program Files\nodejs\npm.ps1: 29 Carácter: 3
+   & $NODE_EXE $NPM_CLI_JS $args
+   ~~~~~~~~~~~~~~~~~~~~~~~~~~~~~
    + CategoryInfo          : NotSpecified: (PASS src/lib/se...st.ts (6.327 s) 
   :String) [], RemoteException
    + FullyQualifiedErrorId : NativeCommandError
 
  Contact Server Logic
    processContactForm
      ΓêÜ debe procesar correctamente un formulario v├ílido (1022 ms)
      ΓêÜ debe rechazar un formulario con nombre vac├¡o (1 ms)
      ΓêÜ debe rechazar un email inv├ílido (1 ms)
      ΓêÜ debe rechazar un mensaje demasiado corto (1 ms)
      ΓêÜ debe validar type safety del resultado (1007 ms)
      ΓêÜ debe sanitizar entradas correctamente (1017 ms)
      ΓêÜ debe manejar espacios en blanco extra (1 ms)
      ΓêÜ debe rechazar campos con solo espacios (1 ms)
      ΓêÜ debe validar formato de email estricto (3024 ms)

PASS src/lib/__tests__/utils.test.ts
  utils
    cn (classNames merger)
      ΓêÜ debe combinar clases simples correctamente (4 ms)
      ΓêÜ debe filtrar valores falsy (1 ms)
      ΓêÜ debe combinar clases condicionales (1 ms)
      ΓêÜ debe resolver conflictos de Tailwind correctamente (1 ms)
      ΓêÜ debe manejar arrays de clases (1 ms)
      ΓêÜ debe manejar objetos de clases
      ΓêÜ debe combinar clases de variantes complejas (1 ms)
      ΓêÜ debe mantener type safety con TypeScript
      ΓêÜ debe manejar string vac├¡o (1 ms)
      ΓêÜ debe manejar m├║ltiples espacios
      ΓêÜ debe funcionar sin argumentos (1 ms)
      ΓêÜ debe combinar clases de hover y estados (1 ms)
      ΓêÜ debe resolver conflictos de responsive classes (1 ms)

Test Suites: 1 skipped, 2 passed, 2 of 3 total
Tests:       13 skipped, 22 passed, 35 total
Snapshots:   0 total
Time:        7.276 s
Ran all test suites.
